seg 05 jan 2026 22:53:49 

  Tudo o que eu fiz ...
  
aciel@worknote: ~$ mongosh
Current Mongosh Log ID:	695c67f7e61366b4ec8de665
Connecting to:		mongodb://127.0.0.1:27017/?directConnection=true&serverSelectionTimeoutMS=2000&appName=mongosh+2.5.10
Using MongoDB:		7.0.28
Using Mongosh:		2.5.10

For mongosh info see: https://www.mongodb.com/docs/mongodb-shell/

------
   The server generated these startup warnings when booting
   2026-01-05T11:27:49.843-03:00: Using the XFS filesystem is strongly recommended with the WiredTiger storage engine. See http://dochub.mongodb.org/core/prodnotes-filesystem
   2026-01-05T11:27:50.817-03:00: Access control is not enabled for the database. Read and write access to data and configuration is unrestricted
   2026-01-05T11:27:50.818-03:00: vm.max_map_count is too low
------

test> show databases;
admin      40.00 KiB
config     72.00 KiB
contact   108.00 KiB
local      80.00 KiB
node-api    8.00 KiB
test> show tables;

test> use contact
switched to db contact
contact> show tables;
contacts
contact> db.contacts.find().pretty();
[
  {
    _id: ObjectId('666b377cbb24aba6f1fd3b87'),
    name: 'Manoel Maciel',
    email: 'manoelmaciel@gmail.com',
    __v: 0
  },
  {
    _id: ObjectId('666b3ed112e0cbab05ebeab1'),
    name: 'Manoel Braz de Anddrade Maciel',
    email: 'manoelbraz.amaciel@gmail.com',
    __v: 0
  },
  {
    _id: ObjectId('671419aef10a08adfff1faca'),
    name: 'New Test',
    email: 'new@test.com',
    __v: 0
  },
  {
    _id: ObjectId('695c03cc89481bcb8b7bd335'),
    name: 'Teste 2',
    email: 'teste2@gmail.com'
  }
]
contact> 
(To exit, press Ctrl+C again or Ctrl+D or type .exit)
contact> 
maciel@worknote: ~$ systemctl mongod status
Unknown command verb mongod.
maciel@worknote: ~$ systemctl status mongod
● mongod.service - MongoDB Database Server
     Loaded: loaded (/lib/systemd/system/mongod.service; enabled; vendor preset>
     Active: active (running) since Mon 2026-01-05 11:27:48 -03; 11h ago
       Docs: https://docs.mongodb.org/manual
   Main PID: 1380 (mongod)
     Memory: 163.7M
        CPU: 5min 58.487s
     CGroup: /system.slice/mongod.service
             └─1380 /usr/bin/mongod --config /etc/mongod.conf

jan 05 11:27:48 worknote systemd[1]: Started MongoDB Database Server.
jan 05 11:27:49 worknote mongod[1380]: {"t":{"$date":"2026-01-05T14:27:49.729Z">
maciel@worknote: ~$ 
maciel@worknote: ~$ 
maciel@worknote: ~$ systemctl stop mongod
maciel@worknote: ~$ 
maciel@worknote: ~$ 
maciel@worknote: ~$ systemctl status mongod
○ mongod.service - MongoDB Database Server
     Loaded: loaded (/lib/systemd/system/mongod.service; enabled; vendor preset: enabled)
     Active: inactive (dead) since Mon 2026-01-05 22:44:31 -03; 7s ago
       Docs: https://docs.mongodb.org/manual
    Process: 1380 ExecStart=/usr/bin/mongod --config /etc/mongod.conf (code=exited, status=0/SUC>
   Main PID: 1380 (code=exited, status=0/SUCCESS)
        CPU: 5min 59.315s

jan 05 11:27:48 worknote systemd[1]: Started MongoDB Database Server.
jan 05 11:27:49 worknote mongod[1380]: {"t":{"$date":"2026-01-05T14:27:49.729Z"},"s":"I",  "c":">
jan 05 22:44:31 worknote systemd[1]: Stopping MongoDB Database Server...
jan 05 22:44:31 worknote systemd[1]: mongod.service: Deactivated successfully.
jan 05 22:44:31 worknote systemd[1]: Stopped MongoDB Database Server.
jan 05 22:44:31 worknote systemd[1]: mongod.service: Consumed 5min 59.315s CPU time.
maciel@worknote: ~$ 
maciel@worknote: ~$ 
maciel@worknote: ~$ systemctl start mongod --dbpath /home/maciel/studies/CRUD/luizTools/node-mongo-crud/data
systemctl: unrecognized option '--dbpath'
maciel@worknote: ~$ systemctl start mongod 
maciel@worknote: ~$ systemctl status mongod
● mongod.service - MongoDB Database Server
     Loaded: loaded (/lib/systemd/system/mongod.service; enabled; vendor preset: enabled)
     Active: active (running) since Mon 2026-01-05 22:48:05 -03; 6s ago
       Docs: https://docs.mongodb.org/manual
   Main PID: 29206 (mongod)
     Memory: 193.3M
        CPU: 1.050s
     CGroup: /system.slice/mongod.service
             └─29206 /usr/bin/mongod --config /etc/mongod.conf

jan 05 22:48:05 worknote systemd[1]: Started MongoDB Database Server.
jan 05 22:48:05 worknote mongod[29206]: {"t":{"$date":"2026-01-06T01:48:05.923Z"},"s":"I",  "c":>
maciel@worknote: ~$ 
maciel@worknote: ~$ 
maciel@worknote: ~$ systemctl stop mongod
maciel@worknote: ~$ 
maciel@worknote: ~$ 
maciel@worknote: ~$ systemctl status mongod
○ mongod.service - MongoDB Database Server
     Loaded: loaded (/lib/systemd/system/mongod.service; enabled; vendor preset: enabled)
     Active: inactive (dead) since Mon 2026-01-05 22:50:53 -03; 7s ago
       Docs: https://docs.mongodb.org/manual
    Process: 29206 ExecStart=/usr/bin/mongod --config /etc/mongod.conf (code=exited, status=0/SU>
   Main PID: 29206 (code=exited, status=0/SUCCESS)
        CPU: 2.376s

jan 05 22:48:05 worknote systemd[1]: Started MongoDB Database Server.
jan 05 22:48:05 worknote mongod[29206]: {"t":{"$date":"2026-01-06T01:48:05.923Z"},"s":"I",  "c":>
jan 05 22:50:53 worknote systemd[1]: Stopping MongoDB Database Server...
jan 05 22:50:53 worknote systemd[1]: mongod.service: Deactivated successfully.
jan 05 22:50:53 worknote systemd[1]: Stopped MongoDB Database Server.
jan 05 22:50:53 worknote systemd[1]: mongod.service: Consumed 2.376s CPU time.
maciel@worknote: ~$ 
maciel@worknote: ~$ /usr/bin/mongod --dbpath /home/maciel/studies/CRUD/luizTools/node-mongo-crud/data
{"t":{"$date":"2026-01-05T22:51:55.071-03:00"},"s":"I",  "c":"CONTROL",  "id":23285,   "ctx":"main","msg":"Automatically disabling TLS 1.0, to force-enable TLS 1.0 specify --sslDisabledProtocols 'none'"}
{"t":{"$date":"2026-01-05T22:51:55.072-03:00"},"s":"I",  "c":"NETWORK",  "id":4915701, "ctx":"main","msg":"Initialized wire specification","attr":{"spec":{"incomingExternalClient":{"minWireVersion":0,"maxWireVersion":21},"incomingInternalClient":{"minWireVersion":0,"maxWireVersion":21},"outgoing":{"minWireVersion":6,"maxWireVersion":21},"isInternalClient":true}}}
{"t":{"$date":"2026-01-05T22:51:55.073-03:00"},"s":"I",  "c":"NETWORK",  "id":4648601, "ctx":"main","msg":"Implicit TCP FastOpen unavailable. If TCP FastOpen is required, set tcpFastOpenServer, tcpFastOpenClient, and tcpFastOpenQueueSize."}
{"t":{"$date":"2026-01-05T22:51:55.075-03:00"},"s":"I",  "c":"REPL",     "id":5123008, "ctx":"main","msg":"Successfully registered PrimaryOnlyService","attr":{"service":"TenantMigrationDonorService","namespace":"config.tenantMigrationDonors"}}
{"t":{"$date":"2026-01-05T22:51:55.075-03:00"},"s":"I",  "c":"REPL",     "id":5123008, "ctx":"main","msg":"Successfully registered PrimaryOnlyService","attr":{"service":"TenantMigrationRecipientService","namespace":"config.tenantMigrationRecipients"}}
{"t":{"$date":"2026-01-05T22:51:55.075-03:00"},"s":"I",  "c":"CONTROL",  "id":5945603, "ctx":"main","msg":"Multi threading initialized"}
{"t":{"$date":"2026-01-05T22:51:55.075-03:00"},"s":"I",  "c":"TENANT_M", "id":7091600, "ctx":"main","msg":"Starting TenantMigrationAccessBlockerRegistry"}
{"t":{"$date":"2026-01-05T22:51:55.075-03:00"},"s":"I",  "c":"CONTROL",  "id":4615611, "ctx":"initandlisten","msg":"MongoDB starting","attr":{"pid":29371,"port":27017,"dbPath":"/home/maciel/studies/CRUD/luizTools/node-mongo-crud/data","architecture":"64-bit","host":"worknote"}}
{"t":{"$date":"2026-01-05T22:51:55.076-03:00"},"s":"I",  "c":"CONTROL",  "id":23403,   "ctx":"initandlisten","msg":"Build Info","attr":{"buildInfo":{"version":"7.0.28","gitVersion":"cfc346c59d2cc3dbc903507fc642e22e3097f362","openSSLVersion":"OpenSSL 3.0.2 15 Mar 2022","modules":[],"allocator":"tcmalloc","environment":{"distmod":"ubuntu2204","distarch":"x86_64","target_arch":"x86_64"}}}}
{"t":{"$date":"2026-01-05T22:51:55.076-03:00"},"s":"I",  "c":"CONTROL",  "id":51765,   "ctx":"initandlisten","msg":"Operating System","attr":{"os":{"name":"LinuxMint","version":"21.3"}}}
{"t":{"$date":"2026-01-05T22:51:55.076-03:00"},"s":"I",  "c":"CONTROL",  "id":21951,   "ctx":"initandlisten","msg":"Options set by command line","attr":{"options":{"storage":{"dbPath":"/home/maciel/studies/CRUD/luizTools/node-mongo-crud/data"}}}}
{"t":{"$date":"2026-01-05T22:51:55.077-03:00"},"s":"I",  "c":"STORAGE",  "id":22297,   "ctx":"initandlisten","msg":"Using the XFS filesystem is strongly recommended with the WiredTiger storage engine. See http://dochub.mongodb.org/core/prodnotes-filesystem","tags":["startupWarnings"]}
{"t":{"$date":"2026-01-05T22:51:55.077-03:00"},"s":"I",  "c":"STORAGE",  "id":22315,   "ctx":"initandlisten","msg":"Opening WiredTiger","attr":{"config":"create,cache_size=3406M,session_max=33000,eviction=(threads_min=4,threads_max=4),config_base=false,statistics=(fast),log=(enabled=true,remove=true,path=journal,compressor=snappy),builtin_extension_config=(zstd=(compression_level=6)),file_manager=(close_idle_time=600,close_scan_interval=10,close_handle_minimum=2000),statistics_log=(wait=0),json_output=(error,message),verbose=[recovery_progress:1,checkpoint_progress:1,compact_progress:1,backup:0,checkpoint:0,compact:0,evict:0,history_store:0,recovery:0,rts:0,salvage:0,tiered:0,timestamp:0,transaction:0,verify:0,log:0],"}}
{"t":{"$date":"2026-01-05T22:51:55.699-03:00"},"s":"I",  "c":"WTRECOV",  "id":22430,   "ctx":"initandlisten","msg":"WiredTiger message","attr":{"message":{"ts_sec":1767664315,"ts_usec":699019,"thread":"29371:0x7faa53059c80","session_name":"txn-recover","category":"WT_VERB_RECOVERY_PROGRESS","category_id":30,"verbose_level":"DEBUG_1","verbose_level_id":1,"msg":"recovery log replay has successfully finished and ran for 0 milliseconds"}}}
{"t":{"$date":"2026-01-05T22:51:55.699-03:00"},"s":"I",  "c":"WTRECOV",  "id":22430,   "ctx":"initandlisten","msg":"WiredTiger message","attr":{"message":{"ts_sec":1767664315,"ts_usec":699111,"thread":"29371:0x7faa53059c80","session_name":"txn-recover","category":"WT_VERB_RECOVERY_PROGRESS","category_id":30,"verbose_level":"DEBUG_1","verbose_level_id":1,"msg":"Set global recovery timestamp: (0, 0)"}}}
{"t":{"$date":"2026-01-05T22:51:55.699-03:00"},"s":"I",  "c":"WTRECOV",  "id":22430,   "ctx":"initandlisten","msg":"WiredTiger message","attr":{"message":{"ts_sec":1767664315,"ts_usec":699148,"thread":"29371:0x7faa53059c80","session_name":"txn-recover","category":"WT_VERB_RECOVERY_PROGRESS","category_id":30,"verbose_level":"DEBUG_1","verbose_level_id":1,"msg":"Set global oldest timestamp: (0, 0)"}}}
{"t":{"$date":"2026-01-05T22:51:55.699-03:00"},"s":"I",  "c":"WTRECOV",  "id":22430,   "ctx":"initandlisten","msg":"WiredTiger message","attr":{"message":{"ts_sec":1767664315,"ts_usec":699197,"thread":"29371:0x7faa53059c80","session_name":"txn-recover","category":"WT_VERB_RECOVERY_PROGRESS","category_id":30,"verbose_level":"DEBUG_1","verbose_level_id":1,"msg":"recovery was completed successfully and took 0ms, including 0ms for the log replay, 0ms for the rollback to stable, and 0ms for the checkpoint."}}}
{"t":{"$date":"2026-01-05T22:51:55.706-03:00"},"s":"I",  "c":"STORAGE",  "id":4795906, "ctx":"initandlisten","msg":"WiredTiger opened","attr":{"durationMillis":629}}
{"t":{"$date":"2026-01-05T22:51:55.706-03:00"},"s":"I",  "c":"RECOVERY", "id":23987,   "ctx":"initandlisten","msg":"WiredTiger recoveryTimestamp","attr":{"recoveryTimestamp":{"$timestamp":{"t":0,"i":0}}}}
{"t":{"$date":"2026-01-05T22:51:55.720-03:00"},"s":"W",  "c":"CONTROL",  "id":22120,   "ctx":"initandlisten","msg":"Access control is not enabled for the database. Read and write access to data and configuration is unrestricted","tags":["startupWarnings"]}
{"t":{"$date":"2026-01-05T22:51:55.720-03:00"},"s":"W",  "c":"CONTROL",  "id":22140,   "ctx":"initandlisten","msg":"This server is bound to localhost. Remote systems will be unable to connect to this server. Start the server with --bind_ip <address> to specify which IP addresses it should serve responses from, or with --bind_ip_all to bind to all interfaces. If this behavior is desired, start the server with --bind_ip 127.0.0.1 to disable this warning","tags":["startupWarnings"]}
{"t":{"$date":"2026-01-05T22:51:55.720-03:00"},"s":"W",  "c":"CONTROL",  "id":22184,   "ctx":"initandlisten","msg":"Soft rlimits for open file descriptors too low","attr":{"currentValue":1024,"recommendedMinimum":64000},"tags":["startupWarnings"]}
{"t":{"$date":"2026-01-05T22:51:55.721-03:00"},"s":"I",  "c":"STORAGE",  "id":20320,   "ctx":"initandlisten","msg":"createCollection","attr":{"namespace":"admin.system.version","uuidDisposition":"provided","uuid":{"uuid":{"$uuid":"f8cf8703-4903-44bb-b135-9a56e6bff2a5"}},"options":{"uuid":{"$uuid":"f8cf8703-4903-44bb-b135-9a56e6bff2a5"}}}}
{"t":{"$date":"2026-01-05T22:51:55.731-03:00"},"s":"I",  "c":"INDEX",    "id":20345,   "ctx":"initandlisten","msg":"Index build: done building","attr":{"buildUUID":null,"collectionUUID":{"uuid":{"$uuid":"f8cf8703-4903-44bb-b135-9a56e6bff2a5"}},"namespace":"admin.system.version","index":"_id_","ident":"index-1-7310028939171109995","collectionIdent":"collection-0-7310028939171109995","commitTimestamp":null}}
{"t":{"$date":"2026-01-05T22:51:55.731-03:00"},"s":"I",  "c":"REPL",     "id":20459,   "ctx":"initandlisten","msg":"Setting featureCompatibilityVersion","attr":{"newVersion":"7.0"}}
{"t":{"$date":"2026-01-05T22:51:55.731-03:00"},"s":"I",  "c":"REPL",     "id":5853300, "ctx":"initandlisten","msg":"current featureCompatibilityVersion value","attr":{"featureCompatibilityVersion":"7.0","context":"setFCV"}}
{"t":{"$date":"2026-01-05T22:51:55.731-03:00"},"s":"I",  "c":"NETWORK",  "id":4915702, "ctx":"initandlisten","msg":"Updated wire specification","attr":{"oldSpec":{"incomingExternalClient":{"minWireVersion":0,"maxWireVersion":21},"incomingInternalClient":{"minWireVersion":0,"maxWireVersion":21},"outgoing":{"minWireVersion":6,"maxWireVersion":21},"isInternalClient":true},"newSpec":{"incomingExternalClient":{"minWireVersion":0,"maxWireVersion":21},"incomingInternalClient":{"minWireVersion":21,"maxWireVersion":21},"outgoing":{"minWireVersion":21,"maxWireVersion":21},"isInternalClient":true}}}
{"t":{"$date":"2026-01-05T22:51:55.731-03:00"},"s":"I",  "c":"NETWORK",  "id":4915702, "ctx":"initandlisten","msg":"Updated wire specification","attr":{"oldSpec":{"incomingExternalClient":{"minWireVersion":0,"maxWireVersion":21},"incomingInternalClient":{"minWireVersion":21,"maxWireVersion":21},"outgoing":{"minWireVersion":21,"maxWireVersion":21},"isInternalClient":true},"newSpec":{"incomingExternalClient":{"minWireVersion":0,"maxWireVersion":21},"incomingInternalClient":{"minWireVersion":21,"maxWireVersion":21},"outgoing":{"minWireVersion":21,"maxWireVersion":21},"isInternalClient":true}}}
{"t":{"$date":"2026-01-05T22:51:55.731-03:00"},"s":"I",  "c":"REPL",     "id":5853300, "ctx":"initandlisten","msg":"current featureCompatibilityVersion value","attr":{"featureCompatibilityVersion":"7.0","context":"startup"}}
{"t":{"$date":"2026-01-05T22:51:55.731-03:00"},"s":"I",  "c":"STORAGE",  "id":5071100, "ctx":"initandlisten","msg":"Clearing temp directory"}
{"t":{"$date":"2026-01-05T22:51:55.731-03:00"},"s":"I",  "c":"CONTROL",  "id":6608200, "ctx":"initandlisten","msg":"Initializing cluster server parameters from disk"}
{"t":{"$date":"2026-01-05T22:51:55.731-03:00"},"s":"I",  "c":"CONTROL",  "id":20536,   "ctx":"initandlisten","msg":"Flow Control is enabled on this deployment"}
{"t":{"$date":"2026-01-05T22:51:55.731-03:00"},"s":"I",  "c":"FTDC",     "id":20625,   "ctx":"initandlisten","msg":"Initializing full-time diagnostic data capture","attr":{"dataDirectory":"/home/maciel/studies/CRUD/luizTools/node-mongo-crud/data/diagnostic.data"}}
{"t":{"$date":"2026-01-05T22:51:55.732-03:00"},"s":"I",  "c":"STORAGE",  "id":20320,   "ctx":"initandlisten","msg":"createCollection","attr":{"namespace":"local.startup_log","uuidDisposition":"generated","uuid":{"uuid":{"$uuid":"23012ed1-9b2d-492d-9454-84b9f148f9f8"}},"options":{"capped":true,"size":10485760}}}
{"t":{"$date":"2026-01-05T22:51:55.742-03:00"},"s":"I",  "c":"INDEX",    "id":20345,   "ctx":"initandlisten","msg":"Index build: done building","attr":{"buildUUID":null,"collectionUUID":{"uuid":{"$uuid":"23012ed1-9b2d-492d-9454-84b9f148f9f8"}},"namespace":"local.startup_log","index":"_id_","ident":"index-3-7310028939171109995","collectionIdent":"collection-2-7310028939171109995","commitTimestamp":null}}
{"t":{"$date":"2026-01-05T22:51:55.742-03:00"},"s":"I",  "c":"REPL",     "id":6015317, "ctx":"initandlisten","msg":"Setting new configuration state","attr":{"newState":"ConfigReplicationDisabled","oldState":"ConfigPreStart"}}
{"t":{"$date":"2026-01-05T22:51:55.742-03:00"},"s":"I",  "c":"STORAGE",  "id":22262,   "ctx":"initandlisten","msg":"Timestamp monitor starting"}
{"t":{"$date":"2026-01-05T22:51:55.743-03:00"},"s":"I",  "c":"NETWORK",  "id":23015,   "ctx":"listener","msg":"Listening on","attr":{"address":"/tmp/mongodb-27017.sock"}}
{"t":{"$date":"2026-01-05T22:51:55.743-03:00"},"s":"I",  "c":"NETWORK",  "id":23015,   "ctx":"listener","msg":"Listening on","attr":{"address":"127.0.0.1"}}
{"t":{"$date":"2026-01-05T22:51:55.743-03:00"},"s":"I",  "c":"NETWORK",  "id":23016,   "ctx":"listener","msg":"Waiting for connections","attr":{"port":27017,"ssl":"off"}}
{"t":{"$date":"2026-01-05T22:51:55.743-03:00"},"s":"I",  "c":"CONTROL",  "id":8423403, "ctx":"initandlisten","msg":"mongod startup complete","attr":{"Summary of time elapsed":{"Startup from clean shutdown?":true,"Statistics":{"Transport layer setup":"0 ms","Run initial syncer crash recovery":"0 ms","Create storage engine lock file in the data directory":"0 ms","Get metadata describing storage engine":"0 ms","Create storage engine":"641 ms","Write current PID to file":"0 ms","Write a new metadata for storage engine":"0 ms","Initialize FCV before rebuilding indexes":"0 ms","Drop abandoned idents and get back indexes that need to be rebuilt or builds that need to be restarted":"0 ms","Rebuild indexes for collections":"0 ms","Load cluster parameters from disk for a standalone":"0 ms","Build user and roles graph":"0 ms","Set up the background thread pool responsible for waiting for opTimes to be majority committed":"0 ms","Initialize information needed to make a mongod instance shard aware":"0 ms","Start up the replication coordinator":"0 ms","Start transport layer":"0 ms","_initAndListen total elapsed time":"668 ms"}}}}
{"t":{"$date":"2026-01-05T22:51:55.746-03:00"},"s":"I",  "c":"STORAGE",  "id":20320,   "ctx":"LogicalSessionCacheRefresh","msg":"createCollection","attr":{"namespace":"config.system.sessions","uuidDisposition":"generated","uuid":{"uuid":{"$uuid":"a9b52ecb-adee-4f24-8970-9db79f3e0ff0"}},"options":{}}}
{"t":{"$date":"2026-01-05T22:51:55.750-03:00"},"s":"I",  "c":"CONTROL",  "id":20712,   "ctx":"LogicalSessionCacheReap","msg":"Sessions collection is not set up; waiting until next sessions reap interval","attr":{"error":"NamespaceNotFound: config.system.sessions does not exist"}}
{"t":{"$date":"2026-01-05T22:51:55.758-03:00"},"s":"I",  "c":"REPL",     "id":7360102, "ctx":"LogicalSessionCacheRefresh","msg":"Added oplog entry for create to transaction","attr":{"namespace":"config.$cmd","uuid":{"uuid":{"$uuid":"a9b52ecb-adee-4f24-8970-9db79f3e0ff0"}},"object":{"create":"system.sessions","idIndex":{"v":2,"key":{"_id":1},"name":"_id_"}}}}
{"t":{"$date":"2026-01-05T22:51:55.759-03:00"},"s":"I",  "c":"REPL",     "id":7360100, "ctx":"LogicalSessionCacheRefresh","msg":"Added oplog entry for createIndexes to transaction","attr":{"namespace":"config.$cmd","uuid":{"uuid":{"$uuid":"a9b52ecb-adee-4f24-8970-9db79f3e0ff0"}},"object":{"createIndexes":"system.sessions","v":2,"key":{"lastUse":1},"name":"lsidTTLIndex","expireAfterSeconds":1800}}}
{"t":{"$date":"2026-01-05T22:51:55.764-03:00"},"s":"I",  "c":"INDEX",    "id":20345,   "ctx":"LogicalSessionCacheRefresh","msg":"Index build: done building","attr":{"buildUUID":null,"collectionUUID":{"uuid":{"$uuid":"a9b52ecb-adee-4f24-8970-9db79f3e0ff0"}},"namespace":"config.system.sessions","index":"_id_","ident":"index-5-7310028939171109995","collectionIdent":"collection-4-7310028939171109995","commitTimestamp":null}}
{"t":{"$date":"2026-01-05T22:51:55.764-03:00"},"s":"I",  "c":"INDEX",    "id":20345,   "ctx":"LogicalSessionCacheRefresh","msg":"Index build: done building","attr":{"buildUUID":null,"collectionUUID":{"uuid":{"$uuid":"a9b52ecb-adee-4f24-8970-9db79f3e0ff0"}},"namespace":"config.system.sessions","index":"lsidTTLIndex","ident":"index-6-7310028939171109995","collectionIdent":"collection-4-7310028939171109995","commitTimestamp":null}}
{"t":{"$date":"2026-01-05T22:52:29.553-03:00"},"s":"I",  "c":"NETWORK",  "id":22943,   "ctx":"listener","msg":"Connection accepted","attr":{"remote":"127.0.0.1:55936","isLoadBalanced":false,"uuid":{"uuid":{"$uuid":"16226763-be17-4573-8e14-2eb1ca58926b"}},"connectionId":1,"connectionCount":1}}
{"t":{"$date":"2026-01-05T22:52:29.561-03:00"},"s":"I",  "c":"NETWORK",  "id":51800,   "ctx":"conn1","msg":"client metadata","attr":{"remote":"127.0.0.1:55936","client":"conn1","negotiatedCompressors":[],"doc":{"application":{"name":"mongosh 2.5.10"},"driver":{"name":"nodejs|mongosh","version":"6.19.0|2.5.10"},"platform":"Node.js v20.19.6, LE","os":{"name":"linux","architecture":"x64","version":"3.10.0-327.22.2.el7.x86_64","type":"Linux"}}}}
{"t":{"$date":"2026-01-05T22:52:29.561-03:00"},"s":"I",  "c":"ACCESS",   "id":10483900,"ctx":"conn1","msg":"Connection not authenticating","attr":{"client":"127.0.0.1:55936","doc":{"application":{"name":"mongosh 2.5.10"},"driver":{"name":"nodejs|mongosh","version":"6.19.0|2.5.10"},"platform":"Node.js v20.19.6, LE","os":{"name":"linux","architecture":"x64","version":"3.10.0-327.22.2.el7.x86_64","type":"Linux"}}}}
{"t":{"$date":"2026-01-05T22:52:29.584-03:00"},"s":"I",  "c":"NETWORK",  "id":22943,   "ctx":"listener","msg":"Connection accepted","attr":{"remote":"127.0.0.1:55944","isLoadBalanced":false,"uuid":{"uuid":{"$uuid":"02791633-4cff-402e-9fd1-d998de0d98e9"}},"connectionId":2,"connectionCount":2}}
{"t":{"$date":"2026-01-05T22:52:29.584-03:00"},"s":"I",  "c":"NETWORK",  "id":22943,   "ctx":"listener","msg":"Connection accepted","attr":{"remote":"127.0.0.1:55960","isLoadBalanced":false,"uuid":{"uuid":{"$uuid":"c0dd7cd5-73bd-44e4-9618-9988786932f9"}},"connectionId":3,"connectionCount":3}}
{"t":{"$date":"2026-01-05T22:52:29.586-03:00"},"s":"I",  "c":"NETWORK",  "id":51800,   "ctx":"conn2","msg":"client metadata","attr":{"remote":"127.0.0.1:55944","client":"conn2","negotiatedCompressors":[],"doc":{"application":{"name":"mongosh 2.5.10"},"driver":{"name":"nodejs|mongosh","version":"6.19.0|2.5.10"},"platform":"Node.js v20.19.6, LE","os":{"name":"linux","architecture":"x64","version":"3.10.0-327.22.2.el7.x86_64","type":"Linux"}}}}
{"t":{"$date":"2026-01-05T22:52:29.586-03:00"},"s":"I",  "c":"ACCESS",   "id":10483900,"ctx":"conn2","msg":"Connection not authenticating","attr":{"client":"127.0.0.1:55944","doc":{"application":{"name":"mongosh 2.5.10"},"driver":{"name":"nodejs|mongosh","version":"6.19.0|2.5.10"},"platform":"Node.js v20.19.6, LE","os":{"name":"linux","architecture":"x64","version":"3.10.0-327.22.2.el7.x86_64","type":"Linux"}}}}
{"t":{"$date":"2026-01-05T22:52:29.586-03:00"},"s":"I",  "c":"NETWORK",  "id":51800,   "ctx":"conn3","msg":"client metadata","attr":{"remote":"127.0.0.1:55960","client":"conn3","negotiatedCompressors":[],"doc":{"application":{"name":"mongosh 2.5.10"},"driver":{"name":"nodejs|mongosh","version":"6.19.0|2.5.10"},"platform":"Node.js v20.19.6, LE","os":{"name":"linux","architecture":"x64","version":"3.10.0-327.22.2.el7.x86_64","type":"Linux"}}}}
{"t":{"$date":"2026-01-05T22:52:29.586-03:00"},"s":"I",  "c":"ACCESS",   "id":10483900,"ctx":"conn3","msg":"Connection not authenticating","attr":{"client":"127.0.0.1:55960","doc":{"application":{"name":"mongosh 2.5.10"},"driver":{"name":"nodejs|mongosh","version":"6.19.0|2.5.10"},"platform":"Node.js v20.19.6, LE","os":{"name":"linux","architecture":"x64","version":"3.10.0-327.22.2.el7.x86_64","type":"Linux"}}}}
{"t":{"$date":"2026-01-05T22:52:29.589-03:00"},"s":"I",  "c":"NETWORK",  "id":6788700, "ctx":"conn2","msg":"Received first command on ingress connection since session start or auth handshake","attr":{"elapsedMillis":3}}
{"t":{"$date":"2026-01-05T22:52:29.590-03:00"},"s":"I",  "c":"NETWORK",  "id":22943,   "ctx":"listener","msg":"Connection accepted","attr":{"remote":"127.0.0.1:55962","isLoadBalanced":false,"uuid":{"uuid":{"$uuid":"da8b251d-8267-44e0-b3dd-7372c84e60f7"}},"connectionId":4,"connectionCount":4}}
{"t":{"$date":"2026-01-05T22:52:29.591-03:00"},"s":"I",  "c":"NETWORK",  "id":22943,   "ctx":"listener","msg":"Connection accepted","attr":{"remote":"127.0.0.1:55972","isLoadBalanced":false,"uuid":{"uuid":{"$uuid":"a31b988f-eb5c-43b0-851c-94364be5ba50"}},"connectionId":5,"connectionCount":5}}
{"t":{"$date":"2026-01-05T22:52:29.592-03:00"},"s":"I",  "c":"NETWORK",  "id":51800,   "ctx":"conn4","msg":"client metadata","attr":{"remote":"127.0.0.1:55962","client":"conn4","negotiatedCompressors":[],"doc":{"application":{"name":"mongosh 2.5.10"},"driver":{"name":"nodejs|mongosh","version":"6.19.0|2.5.10"},"platform":"Node.js v20.19.6, LE","os":{"name":"linux","architecture":"x64","version":"3.10.0-327.22.2.el7.x86_64","type":"Linux"}}}}
{"t":{"$date":"2026-01-05T22:52:29.592-03:00"},"s":"I",  "c":"ACCESS",   "id":10483900,"ctx":"conn4","msg":"Connection not authenticating","attr":{"client":"127.0.0.1:55962","doc":{"application":{"name":"mongosh 2.5.10"},"driver":{"name":"nodejs|mongosh","version":"6.19.0|2.5.10"},"platform":"Node.js v20.19.6, LE","os":{"name":"linux","architecture":"x64","version":"3.10.0-327.22.2.el7.x86_64","type":"Linux"}}}}
{"t":{"$date":"2026-01-05T22:52:29.595-03:00"},"s":"I",  "c":"NETWORK",  "id":6788700, "ctx":"conn3","msg":"Received first command on ingress connection since session start or auth handshake","attr":{"elapsedMillis":8}}
{"t":{"$date":"2026-01-05T22:52:29.598-03:00"},"s":"I",  "c":"NETWORK",  "id":6788700, "ctx":"conn4","msg":"Received first command on ingress connection since session start or auth handshake","attr":{"elapsedMillis":5}}
{"t":{"$date":"2026-01-05T22:52:29.600-03:00"},"s":"I",  "c":"NETWORK",  "id":51800,   "ctx":"conn5","msg":"client metadata","attr":{"remote":"127.0.0.1:55972","client":"conn5","negotiatedCompressors":[],"doc":{"application":{"name":"mongosh 2.5.10"},"driver":{"name":"nodejs|mongosh","version":"6.19.0|2.5.10"},"platform":"Node.js v20.19.6, LE","os":{"name":"linux","architecture":"x64","version":"3.10.0-327.22.2.el7.x86_64","type":"Linux"}}}}
{"t":{"$date":"2026-01-05T22:52:29.600-03:00"},"s":"I",  "c":"ACCESS",   "id":10483900,"ctx":"conn5","msg":"Connection not authenticating","attr":{"client":"127.0.0.1:55972","doc":{"application":{"name":"mongosh 2.5.10"},"driver":{"name":"nodejs|mongosh","version":"6.19.0|2.5.10"},"platform":"Node.js v20.19.6, LE","os":{"name":"linux","architecture":"x64","version":"3.10.0-327.22.2.el7.x86_64","type":"Linux"}}}}
{"t":{"$date":"2026-01-05T22:52:29.603-03:00"},"s":"I",  "c":"NETWORK",  "id":6788700, "ctx":"conn5","msg":"Received first command on ingress connection since session start or auth handshake","attr":{"elapsedMillis":3}}
{"t":{"$date":"2026-01-05T22:52:40.071-03:00"},"s":"I",  "c":"NETWORK",  "id":22943,   "ctx":"listener","msg":"Connection accepted","attr":{"remote":"127.0.0.1:59016","isLoadBalanced":false,"uuid":{"uuid":{"$uuid":"d5509cec-a8f5-447d-9452-b7b95dc65e84"}},"connectionId":6,"connectionCount":6}}
{"t":{"$date":"2026-01-05T22:52:40.074-03:00"},"s":"I",  "c":"NETWORK",  "id":51800,   "ctx":"conn6","msg":"client metadata","attr":{"remote":"127.0.0.1:59016","client":"conn6","negotiatedCompressors":[],"doc":{"application":{"name":"mongosh 2.5.10"},"driver":{"name":"nodejs|mongosh","version":"6.19.0|2.5.10"},"platform":"Node.js v20.19.6, LE","os":{"name":"linux","architecture":"x64","version":"3.10.0-327.22.2.el7.x86_64","type":"Linux"}}}}
{"t":{"$date":"2026-01-05T22:52:40.074-03:00"},"s":"I",  "c":"ACCESS",   "id":10483900,"ctx":"conn6","msg":"Connection not authenticating","attr":{"client":"127.0.0.1:59016","doc":{"application":{"name":"mongosh 2.5.10"},"driver":{"name":"nodejs|mongosh","version":"6.19.0|2.5.10"},"platform":"Node.js v20.19.6, LE","os":{"name":"linux","architecture":"x64","version":"3.10.0-327.22.2.el7.x86_64","type":"Linux"}}}}
{"t":{"$date":"2026-01-05T22:52:55.723-03:00"},"s":"I",  "c":"WTCHKPT",  "id":22430,   "ctx":"Checkpointer","msg":"WiredTiger message","attr":{"message":{"ts_sec":1767664375,"ts_usec":723390,"thread":"29371:0x7faa4a046640","session_name":"WT_SESSION.checkpoint","category":"WT_VERB_CHECKPOINT_PROGRESS","category_id":6,"verbose_level":"DEBUG_1","verbose_level_id":1,"msg":"saving checkpoint snapshot min: 33, snapshot max: 33 snapshot count: 0, oldest timestamp: (0, 0) , meta checkpoint timestamp: (0, 0) base write gen: 1"}}}

  Até colocar o mongo no ponto certo!
  
  Ok ... Bom o bastante!
  
  


  